ARM Linker, 5.03 [Build 76] [MDK-ARM Standard]

==============================================================================

Section Cross References

    startup_stm32f10x_hd.o(RESET) refers to startup_stm32f10x_hd.o(STACK) for __initial_sp
    startup_stm32f10x_hd.o(RESET) refers to startup_stm32f10x_hd.o(.text) for Reset_Handler
    startup_stm32f10x_hd.o(RESET) refers to stm32f10x_it.o(.text) for NMI_Handler
    startup_stm32f10x_hd.o(RESET) refers to usart.o(.text) for DMA1_Channel7_IRQHandler
    startup_stm32f10x_hd.o(RESET) refers to tim5_pulsewidth.o(.text) for TIM5_IRQHandler
    startup_stm32f10x_hd.o(RESET) refers to time6.o(.text) for TIM6_IRQHandler
    startup_stm32f10x_hd.o(RESET) refers to time7.o(.text) for TIM7_IRQHandler
    startup_stm32f10x_hd.o(.text) refers to system_stm32f10x.o(.text) for SystemInit
    startup_stm32f10x_hd.o(.text) refers to entry.o(.ARM.Collect$$$$00000000) for __main
    system_stm32f10x.o(.text) refers to system_stm32f10x.o(.data) for SystemCoreClock
    stm32f10x_gpio.o(.text) refers to stm32f10x_rcc.o(.text) for RCC_APB2PeriphResetCmd
    stm32f10x_rcc.o(.text) refers to stm32f10x_rcc.o(.data) for APBAHBPrescTable
    stm32f10x_usart.o(.text) refers to stm32f10x_rcc.o(.text) for RCC_APB2PeriphResetCmd
    stm32f10x_adc.o(.text) refers to stm32f10x_rcc.o(.text) for RCC_APB2PeriphResetCmd
    stm32f10x_bkp.o(.text) refers to stm32f10x_rcc.o(.text) for RCC_BackupResetCmd
    stm32f10x_can.o(.text) refers to stm32f10x_rcc.o(.text) for RCC_APB1PeriphResetCmd
    stm32f10x_cec.o(.text) refers to stm32f10x_rcc.o(.text) for RCC_APB1PeriphResetCmd
    stm32f10x_dac.o(.text) refers to stm32f10x_rcc.o(.text) for RCC_APB1PeriphResetCmd
    stm32f10x_i2c.o(.text) refers to stm32f10x_rcc.o(.text) for RCC_APB1PeriphResetCmd
    stm32f10x_pwr.o(.text) refers to stm32f10x_rcc.o(.text) for RCC_APB1PeriphResetCmd
    stm32f10x_spi.o(.text) refers to stm32f10x_rcc.o(.text) for RCC_APB2PeriphResetCmd
    stm32f10x_tim.o(.text) refers to stm32f10x_rcc.o(.text) for RCC_APB2PeriphResetCmd
    stm32f10x_wwdg.o(.text) refers to stm32f10x_rcc.o(.text) for RCC_APB1PeriphResetCmd
    main.o(.text) refers to communication.o(.text) for MODBUS_WriteOutputStatus
    main.o(.text) refers to stm32f10x_gpio.o(.text) for GPIO_SetBits
    main.o(.text) refers to tim5_pulsewidth.o(.text) for TIM5_SetOutputPluseWidth
    main.o(.text) refers to delay.o(.text) for Delay1Us
    main.o(.text) refers to signalchannelswitch.o(.text) for Signal_MODBUSValueConvertToOutputType
    main.o(.text) refers to time7.o(.text) for TIM7_ReadTimeCount
    main.o(.text) refers to tim4_pwm.o(.text) for TIM4_PWM_SetDutyRatio
    main.o(.text) refers to voltagemeasure.o(.text) for ADC3_SampleOutputVoltageValue
    main.o(.text) refers to main.o(.data) for OutputStateDiagramStatus
    main.o(.text) refers to misc.o(.text) for NVIC_PriorityGroupConfig
    main.o(.text) refers to adc3.o(.text) for ADC3_Init
    main.o(.text) refers to modbus.o(.text) for MODBUS_Init
    main.o(.text) refers to toggleswitchandalarm.o(.text) for ToggleSwitch_ReadKeyValue
    main.o(.text) refers to main.o(.bss) for SystemLastParameter
    tim4_pwm.o(.text) refers to stm32f10x_gpio.o(.text) for GPIO_Init
    tim4_pwm.o(.text) refers to stm32f10x_tim.o(.text) for TIM_TimeBaseInit
    tim4_pwm.o(.text) refers to stm32f10x_rcc.o(.text) for RCC_APB1PeriphClockCmd
    tim4_pwm.o(.text) refers to system_stm32f10x.o(.data) for SystemCoreClock
    tim4_pwm.o(.text) refers to tim4_pwm.o(.data) for CCR_Data
    crc16.o(.text) refers to crc16.o(.data) for CRCHTalbe
    modbus.o(.text) refers to crc16.o(.text) for CRC16_CheckCompute
    modbus.o(.text) refers to modbus.o(.data) for MODBUS_SlaveID
    modbus.o(.text) refers to modbus.o(.bss) for MODBUS_FrameData
    modbus.o(.text) refers to usart.o(.text) for USART2_ReceiveOneFrameFinish
    modbus.o(.text) refers to time6.o(.text) for TIM6_Init
    time6.o(.text) refers to misc.o(.text) for NVIC_Init
    time6.o(.text) refers to stm32f10x_tim.o(.text) for TIM_TimeBaseInit
    time6.o(.text) refers to stm32f10x_rcc.o(.text) for RCC_APB1PeriphClockCmd
    time6.o(.text) refers to usart.o(.text) for USART2_TransferOneFrameFinish
    usart.o(.text) refers to stm32f10x_gpio.o(.text) for GPIO_Init
    usart.o(.text) refers to stm32f10x_usart.o(.text) for USART_Init
    usart.o(.text) refers to misc.o(.text) for NVIC_Init
    usart.o(.text) refers to stm32f10x_dma.o(.text) for DMA_DeInit
    usart.o(.text) refers to stm32f10x_rcc.o(.text) for RCC_AHBPeriphClockCmd
    usart.o(.text) refers to rs485.o(.text) for RS485_ControlPinInit
    usart.o(.text) refers to time6.o(.text) for TIM6_Open
    usart.o(.text) refers to usart.o(.bss) for USART2_SendData
    usart.o(.text) refers to usart.o(.data) for USART2_SendBusyFlag
    rs485.o(.text) refers to stm32f10x_gpio.o(.text) for GPIO_Init
    rs485.o(.text) refers to stm32f10x_rcc.o(.text) for RCC_APB2PeriphClockCmd
    adc3.o(.text) refers to stm32f10x_gpio.o(.text) for GPIO_Init
    adc3.o(.text) refers to stm32f10x_dma.o(.text) for DMA_DeInit
    adc3.o(.text) refers to stm32f10x_adc.o(.text) for ADC_Init
    adc3.o(.text) refers to stm32f10x_rcc.o(.text) for RCC_ADCCLKConfig
    adc3.o(.text) refers to time3.o(.text) for TIM3_Init
    adc3.o(.text) refers to adc3.o(.bss) for ADC3_ConvertedValue
    time3.o(.text) refers to stm32f10x_tim.o(.text) for TIM_TimeBaseInit
    time3.o(.text) refers to stm32f10x_rcc.o(.text) for RCC_APB1PeriphClockCmd
    communication.o(.text) refers to modbus.o(.text) for MODBUS_AddrMapDataWrite
    communication.o(.text) refers to communication.o(.constdata) for .constdata
    communication.o(.text) refers to communication.o(.data) for WorkStat
    time7.o(.text) refers to misc.o(.text) for NVIC_Init
    time7.o(.text) refers to stm32f10x_tim.o(.text) for TIM_TimeBaseInit
    time7.o(.text) refers to stm32f10x_rcc.o(.text) for RCC_APB1PeriphClockCmd
    time7.o(.text) refers to time7.o(.data) for TIM7_TickCount
    tim5_pulsewidth.o(.text) refers to misc.o(.text) for NVIC_Init
    tim5_pulsewidth.o(.text) refers to stm32f10x_tim.o(.text) for TIM_TimeBaseInit
    tim5_pulsewidth.o(.text) refers to stm32f10x_rcc.o(.text) for RCC_APB1PeriphClockCmd
    tim5_pulsewidth.o(.text) refers to stm32f10x_gpio.o(.text) for GPIO_SetBits
    tim5_pulsewidth.o(.text) refers to tim5_pulsewidth.o(.data) for TIM5_FinishFlag
    signalchannelswitch.o(.text) refers to stm32f10x_gpio.o(.text) for GPIO_Init
    signalchannelswitch.o(.text) refers to stm32f10x_rcc.o(.text) for RCC_APB2PeriphClockCmd
    signalchannelswitch.o(.text) refers to signalchannelswitch.o(.constdata) for OutputChannel
    signalchannelswitch.o(.text) refers to signalchannelswitch.o(.data) for LastChannel
    voltagemeasure.o(.text) refers to adc3.o(.text) for ADC3_SampleAverageValue
    toggleswitchandalarm.o(.text) refers to stm32f10x_gpio.o(.text) for GPIO_Init
    toggleswitchandalarm.o(.text) refers to stm32f10x_rcc.o(.text) for RCC_APB2PeriphClockCmd
    toggleswitchandalarm.o(.text) refers to delay.o(.text) for Delay1Ms
    entry.o(.ARM.Collect$$$$00000000) refers (Special) to entry10a.o(.ARM.Collect$$$$0000000D) for __rt_final_cpp
    entry.o(.ARM.Collect$$$$00000000) refers (Special) to entry11a.o(.ARM.Collect$$$$0000000F) for __rt_final_exit
    entry.o(.ARM.Collect$$$$00000000) refers (Special) to entry7b.o(.ARM.Collect$$$$00000008) for _main_clock
    entry.o(.ARM.Collect$$$$00000000) refers (Special) to entry8b.o(.ARM.Collect$$$$0000000A) for _main_cpp_init
    entry.o(.ARM.Collect$$$$00000000) refers (Special) to entry9a.o(.ARM.Collect$$$$0000000B) for _main_init
    entry.o(.ARM.Collect$$$$00000000) refers (Special) to entry5.o(.ARM.Collect$$$$00000004) for _main_scatterload
    entry.o(.ARM.Collect$$$$00000000) refers (Special) to entry2.o(.ARM.Collect$$$$00000001) for _main_stk
    entry2.o(.ARM.Collect$$$$00000001) refers to entry2.o(.ARM.Collect$$$$00002712) for __lit__00000000
    entry2.o(.ARM.Collect$$$$00002712) refers to startup_stm32f10x_hd.o(STACK) for __initial_sp
    entry2.o(__vectab_stack_and_reset_area) refers to startup_stm32f10x_hd.o(STACK) for __initial_sp
    entry2.o(__vectab_stack_and_reset_area) refers to entry.o(.ARM.Collect$$$$00000000) for __main
    entry5.o(.ARM.Collect$$$$00000004) refers to init.o(.text) for __scatterload
    entry9a.o(.ARM.Collect$$$$0000000B) refers to main.o(.text) for main
    entry9b.o(.ARM.Collect$$$$0000000C) refers to main.o(.text) for main
    init.o(.text) refers to entry5.o(.ARM.Collect$$$$00000004) for __main_after_scatterload


==============================================================================

Removing Unused input sections from the image.

    Removing startup_stm32f10x_hd.o(HEAP), (512 bytes).
    Removing core_cm3.o(.emb_text), (32 bytes).
    Removing stm32f10x_bkp.o(.text), (196 bytes).
    Removing stm32f10x_can.o(.text), (2540 bytes).
    Removing stm32f10x_cec.o(.text), (288 bytes).
    Removing stm32f10x_crc.o(.text), (72 bytes).
    Removing stm32f10x_dac.o(.text), (396 bytes).
    Removing stm32f10x_dbgmcu.o(.text), (48 bytes).
    Removing stm32f10x_exti.o(.text), (284 bytes).
    Removing stm32f10x_flash.o(.text), (1468 bytes).
    Removing stm32f10x_fsmc.o(.text), (1560 bytes).
    Removing stm32f10x_i2c.o(.text), (1028 bytes).
    Removing stm32f10x_iwdg.o(.text), (64 bytes).
    Removing stm32f10x_pwr.o(.text), (204 bytes).
    Removing stm32f10x_rtc.o(.text), (324 bytes).
    Removing stm32f10x_sdio.o(.text), (472 bytes).
    Removing stm32f10x_spi.o(.text), (780 bytes).
    Removing stm32f10x_wwdg.o(.text), (136 bytes).

18 unused section(s) (total 10404 bytes) removed from the image.

==============================================================================

Image Symbol Table

    Local Symbols

    Symbol Name                              Value     Ov Type        Size  Object(Section)

    ../clib/../cmprslib/zerorunl2.c          0x00000000   Number         0  __dczerorl2.o ABSOLUTE
    ../clib/microlib/init/entry.s            0x00000000   Number         0  entry8a.o ABSOLUTE
    ../clib/microlib/init/entry.s            0x00000000   Number         0  entry7b.o ABSOLUTE
    ../clib/microlib/init/entry.s            0x00000000   Number         0  entry11a.o ABSOLUTE
    ../clib/microlib/init/entry.s            0x00000000   Number         0  entry7a.o ABSOLUTE
    ../clib/microlib/init/entry.s            0x00000000   Number         0  entry5.o ABSOLUTE
    ../clib/microlib/init/entry.s            0x00000000   Number         0  entry2.o ABSOLUTE
    ../clib/microlib/init/entry.s            0x00000000   Number         0  entry11b.o ABSOLUTE
    ../clib/microlib/init/entry.s            0x00000000   Number         0  entry.o ABSOLUTE
    ../clib/microlib/init/entry.s            0x00000000   Number         0  entry8b.o ABSOLUTE
    ../clib/microlib/init/entry.s            0x00000000   Number         0  entry10b.o ABSOLUTE
    ../clib/microlib/init/entry.s            0x00000000   Number         0  entry10a.o ABSOLUTE
    ../clib/microlib/init/entry.s            0x00000000   Number         0  entry9b.o ABSOLUTE
    ../clib/microlib/init/entry.s            0x00000000   Number         0  entry9a.o ABSOLUTE
    ..\..\Libraries\CMSIS\core_cm3.c         0x00000000   Number         0  core_cm3.o ABSOLUTE
    ..\..\Libraries\CMSIS\startup\startup_stm32f10x_hd.s 0x00000000   Number         0  startup_stm32f10x_hd.o ABSOLUTE
    ..\..\Libraries\CMSIS\system_stm32f10x.c 0x00000000   Number         0  system_stm32f10x.o ABSOLUTE
    ..\..\Libraries\FWlib\src\misc.c         0x00000000   Number         0  misc.o ABSOLUTE
    ..\..\Libraries\FWlib\src\stm32f10x_adc.c 0x00000000   Number         0  stm32f10x_adc.o ABSOLUTE
    ..\..\Libraries\FWlib\src\stm32f10x_bkp.c 0x00000000   Number         0  stm32f10x_bkp.o ABSOLUTE
    ..\..\Libraries\FWlib\src\stm32f10x_can.c 0x00000000   Number         0  stm32f10x_can.o ABSOLUTE
    ..\..\Libraries\FWlib\src\stm32f10x_cec.c 0x00000000   Number         0  stm32f10x_cec.o ABSOLUTE
    ..\..\Libraries\FWlib\src\stm32f10x_crc.c 0x00000000   Number         0  stm32f10x_crc.o ABSOLUTE
    ..\..\Libraries\FWlib\src\stm32f10x_dac.c 0x00000000   Number         0  stm32f10x_dac.o ABSOLUTE
    ..\..\Libraries\FWlib\src\stm32f10x_dbgmcu.c 0x00000000   Number         0  stm32f10x_dbgmcu.o ABSOLUTE
    ..\..\Libraries\FWlib\src\stm32f10x_dma.c 0x00000000   Number         0  stm32f10x_dma.o ABSOLUTE
    ..\..\Libraries\FWlib\src\stm32f10x_exti.c 0x00000000   Number         0  stm32f10x_exti.o ABSOLUTE
    ..\..\Libraries\FWlib\src\stm32f10x_flash.c 0x00000000   Number         0  stm32f10x_flash.o ABSOLUTE
    ..\..\Libraries\FWlib\src\stm32f10x_fsmc.c 0x00000000   Number         0  stm32f10x_fsmc.o ABSOLUTE
    ..\..\Libraries\FWlib\src\stm32f10x_gpio.c 0x00000000   Number         0  stm32f10x_gpio.o ABSOLUTE
    ..\..\Libraries\FWlib\src\stm32f10x_i2c.c 0x00000000   Number         0  stm32f10x_i2c.o ABSOLUTE
    ..\..\Libraries\FWlib\src\stm32f10x_iwdg.c 0x00000000   Number         0  stm32f10x_iwdg.o ABSOLUTE
    ..\..\Libraries\FWlib\src\stm32f10x_pwr.c 0x00000000   Number         0  stm32f10x_pwr.o ABSOLUTE
    ..\..\Libraries\FWlib\src\stm32f10x_rcc.c 0x00000000   Number         0  stm32f10x_rcc.o ABSOLUTE
    ..\..\Libraries\FWlib\src\stm32f10x_rtc.c 0x00000000   Number         0  stm32f10x_rtc.o ABSOLUTE
    ..\..\Libraries\FWlib\src\stm32f10x_sdio.c 0x00000000   Number         0  stm32f10x_sdio.o ABSOLUTE
    ..\..\Libraries\FWlib\src\stm32f10x_spi.c 0x00000000   Number         0  stm32f10x_spi.o ABSOLUTE
    ..\..\Libraries\FWlib\src\stm32f10x_tim.c 0x00000000   Number         0  stm32f10x_tim.o ABSOLUTE
    ..\..\Libraries\FWlib\src\stm32f10x_usart.c 0x00000000   Number         0  stm32f10x_usart.o ABSOLUTE
    ..\..\Libraries\FWlib\src\stm32f10x_wwdg.c 0x00000000   Number         0  stm32f10x_wwdg.o ABSOLUTE
    ..\..\User\ADC3\ADC3.c                   0x00000000   Number         0  adc3.o ABSOLUTE
    ..\..\User\ADC3\TIME3.c                  0x00000000   Number         0  time3.o ABSOLUTE
    ..\..\User\Communication\Communication.c 0x00000000   Number         0  communication.o ABSOLUTE
    ..\..\User\Delay\Delay.c                 0x00000000   Number         0  delay.o ABSOLUTE
    ..\..\User\MODBUS\CRC16.c                0x00000000   Number         0  crc16.o ABSOLUTE
    ..\..\User\MODBUS\MODBUS.c               0x00000000   Number         0  modbus.o ABSOLUTE
    ..\..\User\MODBUS\RS485.c                0x00000000   Number         0  rs485.o ABSOLUTE
    ..\..\User\MODBUS\TIME6.c                0x00000000   Number         0  time6.o ABSOLUTE
    ..\..\User\MODBUS\USART.c                0x00000000   Number         0  usart.o ABSOLUTE
    ..\..\User\SignalChannelSwitch\SignalChannelSwitch.c 0x00000000   Number         0  signalchannelswitch.o ABSOLUTE
    ..\..\User\TIM4_PWM\TIM4_PWM.c           0x00000000   Number         0  tim4_pwm.o ABSOLUTE
    ..\..\User\TIM5_PulseWidth\TIM5_PulseWidth.c 0x00000000   Number         0  tim5_pulsewidth.o ABSOLUTE
    ..\..\User\TIM7\TIME7.c                  0x00000000   Number         0  time7.o ABSOLUTE
    ..\..\User\ToggleSwitchAndAlarm\ToggleSwitchAndAlarm.c 0x00000000   Number         0  toggleswitchandalarm.o ABSOLUTE
    ..\..\User\VoltageMeasure\VoltageMeasure.c 0x00000000   Number         0  voltagemeasure.o ABSOLUTE
    ..\..\User\main.c                        0x00000000   Number         0  main.o ABSOLUTE
    ..\..\User\stm32f10x_it.c                0x00000000   Number         0  stm32f10x_it.o ABSOLUTE
    ..\\..\\Libraries\\CMSIS\\core_cm3.c     0x00000000   Number         0  core_cm3.o ABSOLUTE
    dc.s                                     0x00000000   Number         0  dc.o ABSOLUTE
    handlers.s                               0x00000000   Number         0  handlers.o ABSOLUTE
    init.s                                   0x00000000   Number         0  init.o ABSOLUTE
    RESET                                    0x08000000   Section      304  startup_stm32f10x_hd.o(RESET)
    .ARM.Collect$$$$00000000                 0x08000130   Section        0  entry.o(.ARM.Collect$$$$00000000)
    .ARM.Collect$$$$00000001                 0x08000130   Section        4  entry2.o(.ARM.Collect$$$$00000001)
    .ARM.Collect$$$$00000004                 0x08000134   Section        4  entry5.o(.ARM.Collect$$$$00000004)
    .ARM.Collect$$$$00000008                 0x08000138   Section        0  entry7b.o(.ARM.Collect$$$$00000008)
    .ARM.Collect$$$$0000000A                 0x08000138   Section        0  entry8b.o(.ARM.Collect$$$$0000000A)
    .ARM.Collect$$$$0000000B                 0x08000138   Section        8  entry9a.o(.ARM.Collect$$$$0000000B)
    .ARM.Collect$$$$0000000D                 0x08000140   Section        0  entry10a.o(.ARM.Collect$$$$0000000D)
    .ARM.Collect$$$$0000000F                 0x08000140   Section        0  entry11a.o(.ARM.Collect$$$$0000000F)
    .ARM.Collect$$$$00002712                 0x08000140   Section        4  entry2.o(.ARM.Collect$$$$00002712)
    __lit__00000000                          0x08000140   Data           4  entry2.o(.ARM.Collect$$$$00002712)
    .text                                    0x08000144   Section       36  startup_stm32f10x_hd.o(.text)
    .text                                    0x08000168   Section        0  system_stm32f10x.o(.text)
    SetSysClockTo72                          0x08000169   Thumb Code   212  system_stm32f10x.o(.text)
    SetSysClock                              0x0800023d   Thumb Code     8  system_stm32f10x.o(.text)
    .text                                    0x08000344   Section        0  stm32f10x_gpio.o(.text)
    .text                                    0x0800069c   Section        0  stm32f10x_rcc.o(.text)
    .text                                    0x08000a40   Section        0  stm32f10x_usart.o(.text)
    .text                                    0x08000e48   Section        0  misc.o(.text)
    .text                                    0x08000f24   Section        0  stm32f10x_adc.o(.text)
    .text                                    0x08001374   Section        0  stm32f10x_dma.o(.text)
    .text                                    0x080015c4   Section        0  stm32f10x_tim.o(.text)
    TI4_Config                               0x08001a6b   Thumb Code   130  stm32f10x_tim.o(.text)
    TI3_Config                               0x08001aff   Thumb Code   122  stm32f10x_tim.o(.text)
    TI2_Config                               0x08001b93   Thumb Code   130  stm32f10x_tim.o(.text)
    TI1_Config                               0x08001c27   Thumb Code   108  stm32f10x_tim.o(.text)
    .text                                    0x080023e0   Section        0  main.o(.text)
    .text                                    0x08002a58   Section        0  stm32f10x_it.o(.text)
    .text                                    0x08002a74   Section        0  tim4_pwm.o(.text)
    TIM4_GPIO_Config                         0x08002a75   Thumb Code    30  tim4_pwm.o(.text)
    TIM4_Mode_Config                         0x08002a93   Thumb Code   116  tim4_pwm.o(.text)
    .text                                    0x08002b74   Section        0  crc16.o(.text)
    .text                                    0x08002bc4   Section        0  modbus.o(.text)
    Modbus_Function_Error                    0x08002bcb   Thumb Code    34  modbus.o(.text)
    ByteArrayCopyByteArray                   0x08002bed   Thumb Code    24  modbus.o(.text)
    MODBUS_Function_16                       0x08002c05   Thumb Code   146  modbus.o(.text)
    MODBUS_Function_06                       0x08002c97   Thumb Code    68  modbus.o(.text)
    MODBUS_Function_03                       0x08002cdb   Thumb Code   134  modbus.o(.text)
    MODBUS_Function_04                       0x08002d61   Thumb Code   134  modbus.o(.text)
    BITArrayCopyByteArray                    0x08002de7   Thumb Code   132  modbus.o(.text)
    MODBUS_Function_02                       0x08002e6b   Thumb Code   138  modbus.o(.text)
    ByteArrayCopyBITArray                    0x08002ef5   Thumb Code    70  modbus.o(.text)
    MODBUS_Function_15                       0x08002f3b   Thumb Code   146  modbus.o(.text)
    MODBUS_Function_05                       0x08002fcd   Thumb Code    96  modbus.o(.text)
    MODBUS_Function_01                       0x0800302d   Thumb Code   138  modbus.o(.text)
    HalfWordArrayCopyByteArray               0x080032f9   Thumb Code    54  modbus.o(.text)
    ByteArrayCopyHalfWordArray               0x080033fb   Thumb Code    64  modbus.o(.text)
    .text                                    0x080034f8   Section        0  time6.o(.text)
    TIM6_NVIC_Config                         0x080034f9   Thumb Code    32  time6.o(.text)
    TIM6_MODE_Config                         0x08003519   Thumb Code    80  time6.o(.text)
    .text                                    0x080035d0   Section        0  usart.o(.text)
    USART2_GPIO_Config                       0x080035d1   Thumb Code    50  usart.o(.text)
    USART2_Mode_Config                       0x08003603   Thumb Code    72  usart.o(.text)
    USART2_NVIC_Config                       0x0800364b   Thumb Code    64  usart.o(.text)
    USART2_DMA_Config                        0x0800368b   Thumb Code   188  usart.o(.text)
    .text                                    0x08003910   Section        0  rs485.o(.text)
    RS485_GPIO_Config                        0x08003911   Thumb Code    38  rs485.o(.text)
    .text                                    0x0800394c   Section        0  adc3.o(.text)
    ADC3_GPIO_Config                         0x0800394d   Thumb Code    30  adc3.o(.text)
    ADC3_Mode_Config                         0x0800396b   Thumb Code   268  adc3.o(.text)
    .text                                    0x08003af0   Section        0  time3.o(.text)
    TIM3_MODE_Config                         0x08003af1   Thumb Code   104  time3.o(.text)
    .text                                    0x08003b70   Section        0  communication.o(.text)
    .text                                    0x08003c98   Section        0  time7.o(.text)
    TIM7_NVIC_Config                         0x08003c99   Thumb Code    32  time7.o(.text)
    TIM7_MODE_Config                         0x08003cb9   Thumb Code    66  time7.o(.text)
    .text                                    0x08003de8   Section        0  tim5_pulsewidth.o(.text)
    TIM5_NVIC_Config                         0x08003de9   Thumb Code    34  tim5_pulsewidth.o(.text)
    TIM5_MODE_Config                         0x08003e0b   Thumb Code    66  tim5_pulsewidth.o(.text)
    .text                                    0x08003ee8   Section        0  signalchannelswitch.o(.text)
    Signal_OutputChannel_GPIO_Config         0x08003ee9   Thumb Code    76  signalchannelswitch.o(.text)
    Signal_CloseAllOutputChannel             0x08003f45   Thumb Code    34  signalchannelswitch.o(.text)
    .text                                    0x080040dc   Section        0  delay.o(.text)
    .text                                    0x08004110   Section        0  voltagemeasure.o(.text)
    .text                                    0x080041d4   Section        0  toggleswitchandalarm.o(.text)
    ToggleSwitchAndAlarm_GPIO_Config         0x080041d5   Thumb Code    66  toggleswitchandalarm.o(.text)
    .text                                    0x08004260   Section       36  init.o(.text)
    .text                                    0x08004284   Section        0  __dczerorl2.o(.text)
    i.__scatterload_copy                     0x080042e0   Section       14  handlers.o(i.__scatterload_copy)
    i.__scatterload_null                     0x080042ee   Section        2  handlers.o(i.__scatterload_null)
    i.__scatterload_zeroinit                 0x080042f0   Section       14  handlers.o(i.__scatterload_zeroinit)
    .constdata                               0x08004300   Section       10  communication.o(.constdata)
    .constdata                               0x0800430c   Section      160  signalchannelswitch.o(.constdata)
    .data                                    0x20000000   Section       20  system_stm32f10x.o(.data)
    .data                                    0x20000014   Section       20  stm32f10x_rcc.o(.data)
    APBAHBPrescTable                         0x20000014   Data          16  stm32f10x_rcc.o(.data)
    ADCPrescTable                            0x20000024   Data           4  stm32f10x_rcc.o(.data)
    .data                                    0x20000028   Section       40  main.o(.data)
    StartAdjustTime                          0x20000034   Data           4  main.o(.data)
    StartAdjustTime                          0x20000038   Data           4  main.o(.data)
    SignalTypeID                             0x2000003c   Data           1  main.o(.data)
    StartAdjustTime                          0x20000040   Data           4  main.o(.data)
    VoltageAdjustFinishCount                 0x20000044   Data           2  main.o(.data)
    PulseWidth                               0x20000046   Data           2  main.o(.data)
    OutputFlag                               0x20000048   Data           1  main.o(.data)
    ActualSetOutputVoltage                   0x2000004a   Data           2  main.o(.data)
    SetOutputVoltage2                        0x2000004c   Data           2  main.o(.data)
    LastOutputVoltageError                   0x2000004e   Data           2  main.o(.data)
    .data                                    0x20000050   Section        2  tim4_pwm.o(.data)
    .data                                    0x20000052   Section      512  crc16.o(.data)
    .data                                    0x20000252   Section        2  modbus.o(.data)
    .data                                    0x20000254   Section        8  usart.o(.data)
    SendDataCount                            0x20000256   Data           2  usart.o(.data)
    .data                                    0x2000025c   Section        2  communication.o(.data)
    .data                                    0x20000260   Section       36  time7.o(.data)
    TimeTickNum                              0x20000264   Data           2  time7.o(.data)
    TimeLastCount                            0x20000268   Data           4  time7.o(.data)
    TimeTickNum                              0x2000026c   Data           2  time7.o(.data)
    TimeLastCount                            0x20000270   Data           4  time7.o(.data)
    TimeTickNum                              0x20000274   Data           2  time7.o(.data)
    TimeLastCount                            0x20000278   Data           4  time7.o(.data)
    TimeTickNum                              0x2000027c   Data           2  time7.o(.data)
    TimeLastCount                            0x20000280   Data           4  time7.o(.data)
    .data                                    0x20000284   Section        6  tim5_pulsewidth.o(.data)
    .data                                    0x2000028a   Section        2  signalchannelswitch.o(.data)
    LastChannel                              0x2000028a   Data           2  signalchannelswitch.o(.data)
    .bss                                     0x2000028c   Section       32  main.o(.bss)
    SystemLastParameter                      0x2000028c   Data          16  main.o(.bss)
    .bss                                     0x200002ac   Section       90  modbus.o(.bss)
    .bss                                     0x20000306   Section      256  usart.o(.bss)
    .bss                                     0x20000406   Section      160  adc3.o(.bss)
    ADC3_ConvertedValue                      0x20000406   Data         160  adc3.o(.bss)
    STACK                                    0x200004a8   Section     1024  startup_stm32f10x_hd.o(STACK)

    Global Symbols

    Symbol Name                              Value     Ov Type        Size  Object(Section)

    BuildAttributes$$THM_ISAv4$P$D$K$B$S$PE$A:L22UL41UL21$X:L11$S22US41US21$IEEE1$IW$USESV6$~STKCKD$USESV7$~SHL$OSPACE$EBA8$MICROLIB$REQ8$PRES8$EABIv2 0x00000000   Number         0  anon$$obj.o ABSOLUTE
    __ARM_use_no_argv                        0x00000000   Number         0  main.o ABSOLUTE
    __cpp_initialize__aeabi_                  - Undefined Weak Reference
    __cxa_finalize                            - Undefined Weak Reference
    _clock_init                               - Undefined Weak Reference
    _microlib_exit                            - Undefined Weak Reference
    __Vectors_Size                           0x00000130   Number         0  startup_stm32f10x_hd.o ABSOLUTE
    __Vectors                                0x08000000   Data           4  startup_stm32f10x_hd.o(RESET)
    __Vectors_End                            0x08000130   Data           0  startup_stm32f10x_hd.o(RESET)
    __main                                   0x08000131   Thumb Code     0  entry.o(.ARM.Collect$$$$00000000)
    _main_stk                                0x08000131   Thumb Code     0  entry2.o(.ARM.Collect$$$$00000001)
    _main_scatterload                        0x08000135   Thumb Code     0  entry5.o(.ARM.Collect$$$$00000004)
    __main_after_scatterload                 0x08000139   Thumb Code     0  entry5.o(.ARM.Collect$$$$00000004)
    _main_clock                              0x08000139   Thumb Code     0  entry7b.o(.ARM.Collect$$$$00000008)
    _main_cpp_init                           0x08000139   Thumb Code     0  entry8b.o(.ARM.Collect$$$$0000000A)
    _main_init                               0x08000139   Thumb Code     0  entry9a.o(.ARM.Collect$$$$0000000B)
    __rt_final_cpp                           0x08000141   Thumb Code     0  entry10a.o(.ARM.Collect$$$$0000000D)
    __rt_final_exit                          0x08000141   Thumb Code     0  entry11a.o(.ARM.Collect$$$$0000000F)
    Reset_Handler                            0x08000145   Thumb Code     8  startup_stm32f10x_hd.o(.text)
    ADC1_2_IRQHandler                        0x0800015f   Thumb Code     0  startup_stm32f10x_hd.o(.text)
    ADC3_IRQHandler                          0x0800015f   Thumb Code     0  startup_stm32f10x_hd.o(.text)
    CAN1_RX1_IRQHandler                      0x0800015f   Thumb Code     0  startup_stm32f10x_hd.o(.text)
    CAN1_SCE_IRQHandler                      0x0800015f   Thumb Code     0  startup_stm32f10x_hd.o(.text)
    DMA1_Channel1_IRQHandler                 0x0800015f   Thumb Code     0  startup_stm32f10x_hd.o(.text)
    DMA1_Channel2_IRQHandler                 0x0800015f   Thumb Code     0  startup_stm32f10x_hd.o(.text)
    DMA1_Channel3_IRQHandler                 0x0800015f   Thumb Code     0  startup_stm32f10x_hd.o(.text)
    DMA1_Channel4_IRQHandler                 0x0800015f   Thumb Code     0  startup_stm32f10x_hd.o(.text)
    DMA1_Channel5_IRQHandler                 0x0800015f   Thumb Code     0  startup_stm32f10x_hd.o(.text)
    DMA1_Channel6_IRQHandler                 0x0800015f   Thumb Code     0  startup_stm32f10x_hd.o(.text)
    DMA2_Channel1_IRQHandler                 0x0800015f   Thumb Code     0  startup_stm32f10x_hd.o(.text)
    DMA2_Channel2_IRQHandler                 0x0800015f   Thumb Code     0  startup_stm32f10x_hd.o(.text)
    DMA2_Channel3_IRQHandler                 0x0800015f   Thumb Code     0  startup_stm32f10x_hd.o(.text)
    DMA2_Channel4_5_IRQHandler               0x0800015f   Thumb Code     0  startup_stm32f10x_hd.o(.text)
    EXTI0_IRQHandler                         0x0800015f   Thumb Code     0  startup_stm32f10x_hd.o(.text)
    EXTI15_10_IRQHandler                     0x0800015f   Thumb Code     0  startup_stm32f10x_hd.o(.text)
    EXTI1_IRQHandler                         0x0800015f   Thumb Code     0  startup_stm32f10x_hd.o(.text)
    EXTI2_IRQHandler                         0x0800015f   Thumb Code     0  startup_stm32f10x_hd.o(.text)
    EXTI3_IRQHandler                         0x0800015f   Thumb Code     0  startup_stm32f10x_hd.o(.text)
    EXTI4_IRQHandler                         0x0800015f   Thumb Code     0  startup_stm32f10x_hd.o(.text)
    EXTI9_5_IRQHandler                       0x0800015f   Thumb Code     0  startup_stm32f10x_hd.o(.text)
    FLASH_IRQHandler                         0x0800015f   Thumb Code     0  startup_stm32f10x_hd.o(.text)
    FSMC_IRQHandler                          0x0800015f   Thumb Code     0  startup_stm32f10x_hd.o(.text)
    I2C1_ER_IRQHandler                       0x0800015f   Thumb Code     0  startup_stm32f10x_hd.o(.text)
    I2C1_EV_IRQHandler                       0x0800015f   Thumb Code     0  startup_stm32f10x_hd.o(.text)
    I2C2_ER_IRQHandler                       0x0800015f   Thumb Code     0  startup_stm32f10x_hd.o(.text)
    I2C2_EV_IRQHandler                       0x0800015f   Thumb Code     0  startup_stm32f10x_hd.o(.text)
    PVD_IRQHandler                           0x0800015f   Thumb Code     0  startup_stm32f10x_hd.o(.text)
    RCC_IRQHandler                           0x0800015f   Thumb Code     0  startup_stm32f10x_hd.o(.text)
    RTCAlarm_IRQHandler                      0x0800015f   Thumb Code     0  startup_stm32f10x_hd.o(.text)
    RTC_IRQHandler                           0x0800015f   Thumb Code     0  startup_stm32f10x_hd.o(.text)
    SDIO_IRQHandler                          0x0800015f   Thumb Code     0  startup_stm32f10x_hd.o(.text)
    SPI1_IRQHandler                          0x0800015f   Thumb Code     0  startup_stm32f10x_hd.o(.text)
    SPI2_IRQHandler                          0x0800015f   Thumb Code     0  startup_stm32f10x_hd.o(.text)
    SPI3_IRQHandler                          0x0800015f   Thumb Code     0  startup_stm32f10x_hd.o(.text)
    TAMPER_IRQHandler                        0x0800015f   Thumb Code     0  startup_stm32f10x_hd.o(.text)
    TIM1_BRK_IRQHandler                      0x0800015f   Thumb Code     0  startup_stm32f10x_hd.o(.text)
    TIM1_CC_IRQHandler                       0x0800015f   Thumb Code     0  startup_stm32f10x_hd.o(.text)
    TIM1_TRG_COM_IRQHandler                  0x0800015f   Thumb Code     0  startup_stm32f10x_hd.o(.text)
    TIM1_UP_IRQHandler                       0x0800015f   Thumb Code     0  startup_stm32f10x_hd.o(.text)
    TIM2_IRQHandler                          0x0800015f   Thumb Code     0  startup_stm32f10x_hd.o(.text)
    TIM3_IRQHandler                          0x0800015f   Thumb Code     0  startup_stm32f10x_hd.o(.text)
    TIM4_IRQHandler                          0x0800015f   Thumb Code     0  startup_stm32f10x_hd.o(.text)
    TIM8_BRK_IRQHandler                      0x0800015f   Thumb Code     0  startup_stm32f10x_hd.o(.text)
    TIM8_CC_IRQHandler                       0x0800015f   Thumb Code     0  startup_stm32f10x_hd.o(.text)
    TIM8_TRG_COM_IRQHandler                  0x0800015f   Thumb Code     0  startup_stm32f10x_hd.o(.text)
    TIM8_UP_IRQHandler                       0x0800015f   Thumb Code     0  startup_stm32f10x_hd.o(.text)
    UART4_IRQHandler                         0x0800015f   Thumb Code     0  startup_stm32f10x_hd.o(.text)
    UART5_IRQHandler                         0x0800015f   Thumb Code     0  startup_stm32f10x_hd.o(.text)
    USART1_IRQHandler                        0x0800015f   Thumb Code     0  startup_stm32f10x_hd.o(.text)
    USART3_IRQHandler                        0x0800015f   Thumb Code     0  startup_stm32f10x_hd.o(.text)
    USBWakeUp_IRQHandler                     0x0800015f   Thumb Code     0  startup_stm32f10x_hd.o(.text)
    USB_HP_CAN1_TX_IRQHandler                0x0800015f   Thumb Code     0  startup_stm32f10x_hd.o(.text)
    USB_LP_CAN1_RX0_IRQHandler               0x0800015f   Thumb Code     0  startup_stm32f10x_hd.o(.text)
    WWDG_IRQHandler                          0x0800015f   Thumb Code     0  startup_stm32f10x_hd.o(.text)
    SystemInit                               0x08000245   Thumb Code    78  system_stm32f10x.o(.text)
    SystemCoreClockUpdate                    0x08000293   Thumb Code   142  system_stm32f10x.o(.text)
    GPIO_DeInit                              0x08000345   Thumb Code   172  stm32f10x_gpio.o(.text)
    GPIO_AFIODeInit                          0x080003f1   Thumb Code    20  stm32f10x_gpio.o(.text)
    GPIO_Init                                0x08000405   Thumb Code   274  stm32f10x_gpio.o(.text)
    GPIO_StructInit                          0x08000517   Thumb Code    16  stm32f10x_gpio.o(.text)
    GPIO_ReadInputDataBit                    0x08000527   Thumb Code    18  stm32f10x_gpio.o(.text)
    GPIO_ReadInputData                       0x08000539   Thumb Code     8  stm32f10x_gpio.o(.text)
    GPIO_ReadOutputDataBit                   0x08000541   Thumb Code    18  stm32f10x_gpio.o(.text)
    GPIO_ReadOutputData                      0x08000553   Thumb Code     8  stm32f10x_gpio.o(.text)
    GPIO_SetBits                             0x0800055b   Thumb Code     4  stm32f10x_gpio.o(.text)
    GPIO_ResetBits                           0x0800055f   Thumb Code     4  stm32f10x_gpio.o(.text)
    GPIO_WriteBit                            0x08000563   Thumb Code    10  stm32f10x_gpio.o(.text)
    GPIO_Write                               0x0800056d   Thumb Code     4  stm32f10x_gpio.o(.text)
    GPIO_PinLockConfig                       0x08000571   Thumb Code    18  stm32f10x_gpio.o(.text)
    GPIO_EventOutputConfig                   0x08000583   Thumb Code    26  stm32f10x_gpio.o(.text)
    GPIO_EventOutputCmd                      0x0800059d   Thumb Code     6  stm32f10x_gpio.o(.text)
    GPIO_PinRemapConfig                      0x080005a3   Thumb Code   138  stm32f10x_gpio.o(.text)
    GPIO_EXTILineConfig                      0x0800062d   Thumb Code    66  stm32f10x_gpio.o(.text)
    GPIO_ETH_MediaInterfaceConfig            0x0800066f   Thumb Code     6  stm32f10x_gpio.o(.text)
    RCC_DeInit                               0x0800069d   Thumb Code    64  stm32f10x_rcc.o(.text)
    RCC_HSEConfig                            0x080006dd   Thumb Code    70  stm32f10x_rcc.o(.text)
    RCC_GetFlagStatus                        0x08000723   Thumb Code    56  stm32f10x_rcc.o(.text)
    RCC_WaitForHSEStartUp                    0x0800075b   Thumb Code    56  stm32f10x_rcc.o(.text)
    RCC_AdjustHSICalibrationValue            0x08000793   Thumb Code    20  stm32f10x_rcc.o(.text)
    RCC_HSICmd                               0x080007a7   Thumb Code     6  stm32f10x_rcc.o(.text)
    RCC_PLLConfig                            0x080007ad   Thumb Code    24  stm32f10x_rcc.o(.text)
    RCC_PLLCmd                               0x080007c5   Thumb Code     6  stm32f10x_rcc.o(.text)
    RCC_SYSCLKConfig                         0x080007cb   Thumb Code    18  stm32f10x_rcc.o(.text)
    RCC_GetSYSCLKSource                      0x080007dd   Thumb Code    10  stm32f10x_rcc.o(.text)
    RCC_HCLKConfig                           0x080007e7   Thumb Code    18  stm32f10x_rcc.o(.text)
    RCC_PCLK1Config                          0x080007f9   Thumb Code    18  stm32f10x_rcc.o(.text)
    RCC_PCLK2Config                          0x0800080b   Thumb Code    20  stm32f10x_rcc.o(.text)
    RCC_ITConfig                             0x0800081f   Thumb Code    26  stm32f10x_rcc.o(.text)
    RCC_USBCLKConfig                         0x08000839   Thumb Code     6  stm32f10x_rcc.o(.text)
    RCC_ADCCLKConfig                         0x0800083f   Thumb Code    18  stm32f10x_rcc.o(.text)
    RCC_LSEConfig                            0x08000851   Thumb Code    44  stm32f10x_rcc.o(.text)
    RCC_LSICmd                               0x0800087d   Thumb Code     6  stm32f10x_rcc.o(.text)
    RCC_RTCCLKConfig                         0x08000883   Thumb Code    12  stm32f10x_rcc.o(.text)
    RCC_RTCCLKCmd                            0x0800088f   Thumb Code     8  stm32f10x_rcc.o(.text)
    RCC_GetClocksFreq                        0x08000897   Thumb Code   192  stm32f10x_rcc.o(.text)
    RCC_AHBPeriphClockCmd                    0x08000957   Thumb Code    26  stm32f10x_rcc.o(.text)
    RCC_APB2PeriphClockCmd                   0x08000971   Thumb Code    26  stm32f10x_rcc.o(.text)
    RCC_APB1PeriphClockCmd                   0x0800098b   Thumb Code    26  stm32f10x_rcc.o(.text)
    RCC_APB2PeriphResetCmd                   0x080009a5   Thumb Code    26  stm32f10x_rcc.o(.text)
    RCC_APB1PeriphResetCmd                   0x080009bf   Thumb Code    26  stm32f10x_rcc.o(.text)
    RCC_BackupResetCmd                       0x080009d9   Thumb Code     8  stm32f10x_rcc.o(.text)
    RCC_ClockSecuritySystemCmd               0x080009e1   Thumb Code     6  stm32f10x_rcc.o(.text)
    RCC_MCOConfig                            0x080009e7   Thumb Code     6  stm32f10x_rcc.o(.text)
    RCC_ClearFlag                            0x080009ed   Thumb Code    14  stm32f10x_rcc.o(.text)
    RCC_GetITStatus                          0x080009fb   Thumb Code    20  stm32f10x_rcc.o(.text)
    RCC_ClearITPendingBit                    0x08000a0f   Thumb Code     6  stm32f10x_rcc.o(.text)
    USART_DeInit                             0x08000a41   Thumb Code   134  stm32f10x_usart.o(.text)
    USART_Init                               0x08000ac7   Thumb Code   210  stm32f10x_usart.o(.text)
    USART_StructInit                         0x08000b99   Thumb Code    24  stm32f10x_usart.o(.text)
    USART_ClockInit                          0x08000bb1   Thumb Code    34  stm32f10x_usart.o(.text)
    USART_ClockStructInit                    0x08000bd3   Thumb Code    12  stm32f10x_usart.o(.text)
    USART_Cmd                                0x08000bdf   Thumb Code    24  stm32f10x_usart.o(.text)
    USART_ITConfig                           0x08000bf7   Thumb Code    74  stm32f10x_usart.o(.text)
    USART_DMACmd                             0x08000c41   Thumb Code    18  stm32f10x_usart.o(.text)
    USART_SetAddress                         0x08000c53   Thumb Code    18  stm32f10x_usart.o(.text)
    USART_WakeUpConfig                       0x08000c65   Thumb Code    18  stm32f10x_usart.o(.text)
    USART_ReceiverWakeUpCmd                  0x08000c77   Thumb Code    24  stm32f10x_usart.o(.text)
    USART_LINBreakDetectLengthConfig         0x08000c8f   Thumb Code    18  stm32f10x_usart.o(.text)
    USART_LINCmd                             0x08000ca1   Thumb Code    24  stm32f10x_usart.o(.text)
    USART_SendData                           0x08000cb9   Thumb Code     8  stm32f10x_usart.o(.text)
    USART_ReceiveData                        0x08000cc1   Thumb Code    10  stm32f10x_usart.o(.text)
    USART_SendBreak                          0x08000ccb   Thumb Code    10  stm32f10x_usart.o(.text)
    USART_SetGuardTime                       0x08000cd5   Thumb Code    16  stm32f10x_usart.o(.text)
    USART_SetPrescaler                       0x08000ce5   Thumb Code    16  stm32f10x_usart.o(.text)
    USART_SmartCardCmd                       0x08000cf5   Thumb Code    24  stm32f10x_usart.o(.text)
    USART_SmartCardNACKCmd                   0x08000d0d   Thumb Code    24  stm32f10x_usart.o(.text)
    USART_HalfDuplexCmd                      0x08000d25   Thumb Code    24  stm32f10x_usart.o(.text)
    USART_OverSampling8Cmd                   0x08000d3d   Thumb Code    22  stm32f10x_usart.o(.text)
    USART_OneBitMethodCmd                    0x08000d53   Thumb Code    24  stm32f10x_usart.o(.text)
    USART_IrDAConfig                         0x08000d6b   Thumb Code    18  stm32f10x_usart.o(.text)
    USART_IrDACmd                            0x08000d7d   Thumb Code    24  stm32f10x_usart.o(.text)
    USART_GetFlagStatus                      0x08000d95   Thumb Code    26  stm32f10x_usart.o(.text)
    USART_ClearFlag                          0x08000daf   Thumb Code    18  stm32f10x_usart.o(.text)
    USART_GetITStatus                        0x08000dc1   Thumb Code    84  stm32f10x_usart.o(.text)
    USART_ClearITPendingBit                  0x08000e15   Thumb Code    52  stm32f10x_usart.o(.text)
    NVIC_PriorityGroupConfig                 0x08000e49   Thumb Code    10  misc.o(.text)
    NVIC_Init                                0x08000e53   Thumb Code   102  misc.o(.text)
    NVIC_SetVectorTable                      0x08000eb9   Thumb Code    14  misc.o(.text)
    NVIC_SystemLPConfig                      0x08000ec7   Thumb Code    34  misc.o(.text)
    SysTick_CLKSourceConfig                  0x08000ee9   Thumb Code    40  misc.o(.text)
    ADC_DeInit                               0x08000f25   Thumb Code    78  stm32f10x_adc.o(.text)
    ADC_Init                                 0x08000f73   Thumb Code    70  stm32f10x_adc.o(.text)
    ADC_StructInit                           0x08000fb9   Thumb Code    18  stm32f10x_adc.o(.text)
    ADC_Cmd                                  0x08000fcb   Thumb Code    22  stm32f10x_adc.o(.text)
    ADC_DMACmd                               0x08000fe1   Thumb Code    22  stm32f10x_adc.o(.text)
    ADC_ITConfig                             0x08000ff7   Thumb Code    24  stm32f10x_adc.o(.text)
    ADC_ResetCalibration                     0x0800100f   Thumb Code    10  stm32f10x_adc.o(.text)
    ADC_GetResetCalibrationStatus            0x08001019   Thumb Code    20  stm32f10x_adc.o(.text)
    ADC_StartCalibration                     0x0800102d   Thumb Code    10  stm32f10x_adc.o(.text)
    ADC_GetCalibrationStatus                 0x08001037   Thumb Code    20  stm32f10x_adc.o(.text)
    ADC_SoftwareStartConvCmd                 0x0800104b   Thumb Code    22  stm32f10x_adc.o(.text)
    ADC_GetSoftwareStartConvStatus           0x08001061   Thumb Code    20  stm32f10x_adc.o(.text)
    ADC_DiscModeChannelCountConfig           0x08001075   Thumb Code    24  stm32f10x_adc.o(.text)
    ADC_DiscModeCmd                          0x0800108d   Thumb Code    22  stm32f10x_adc.o(.text)
    ADC_RegularChannelConfig                 0x080010a3   Thumb Code   184  stm32f10x_adc.o(.text)
    ADC_ExternalTrigConvCmd                  0x0800115b   Thumb Code    22  stm32f10x_adc.o(.text)
    ADC_GetConversionValue                   0x08001171   Thumb Code     8  stm32f10x_adc.o(.text)
    ADC_GetDualModeConversionValue           0x08001179   Thumb Code     8  stm32f10x_adc.o(.text)
    ADC_AutoInjectedConvCmd                  0x08001181   Thumb Code    22  stm32f10x_adc.o(.text)
    ADC_InjectedDiscModeCmd                  0x08001197   Thumb Code    22  stm32f10x_adc.o(.text)
    ADC_ExternalTrigInjectedConvConfig       0x080011ad   Thumb Code    16  stm32f10x_adc.o(.text)
    ADC_ExternalTrigInjectedConvCmd          0x080011bd   Thumb Code    22  stm32f10x_adc.o(.text)
    ADC_SoftwareStartInjectedConvCmd         0x080011d3   Thumb Code    22  stm32f10x_adc.o(.text)
    ADC_GetSoftwareStartInjectedConvCmdStatus 0x080011e9   Thumb Code    20  stm32f10x_adc.o(.text)
    ADC_InjectedChannelConfig                0x080011fd   Thumb Code   130  stm32f10x_adc.o(.text)
    ADC_InjectedSequencerLengthConfig        0x0800127f   Thumb Code    24  stm32f10x_adc.o(.text)
    ADC_SetInjectedOffset                    0x08001297   Thumb Code    20  stm32f10x_adc.o(.text)
    ADC_GetInjectedConversionValue           0x080012ab   Thumb Code    28  stm32f10x_adc.o(.text)
    ADC_AnalogWatchdogCmd                    0x080012c7   Thumb Code    16  stm32f10x_adc.o(.text)
    ADC_AnalogWatchdogThresholdsConfig       0x080012d7   Thumb Code     6  stm32f10x_adc.o(.text)
    ADC_AnalogWatchdogSingleChannelConfig    0x080012dd   Thumb Code    16  stm32f10x_adc.o(.text)
    ADC_TempSensorVrefintCmd                 0x080012ed   Thumb Code    64  stm32f10x_adc.o(.text)
    ADC_GetFlagStatus                        0x0800132d   Thumb Code    18  stm32f10x_adc.o(.text)
    ADC_ClearFlag                            0x0800133f   Thumb Code     6  stm32f10x_adc.o(.text)
    ADC_GetITStatus                          0x08001345   Thumb Code    36  stm32f10x_adc.o(.text)
    ADC_ClearITPendingBit                    0x08001369   Thumb Code    10  stm32f10x_adc.o(.text)
    DMA_DeInit                               0x08001375   Thumb Code   324  stm32f10x_dma.o(.text)
    DMA_Init                                 0x080014b9   Thumb Code    60  stm32f10x_dma.o(.text)
    DMA_StructInit                           0x080014f5   Thumb Code    26  stm32f10x_dma.o(.text)
    DMA_Cmd                                  0x0800150f   Thumb Code    24  stm32f10x_dma.o(.text)
    DMA_ITConfig                             0x08001527   Thumb Code    18  stm32f10x_dma.o(.text)
    DMA_SetCurrDataCounter                   0x08001539   Thumb Code     4  stm32f10x_dma.o(.text)
    DMA_GetCurrDataCounter                   0x0800153d   Thumb Code     8  stm32f10x_dma.o(.text)
    DMA_GetFlagStatus                        0x08001545   Thumb Code    38  stm32f10x_dma.o(.text)
    DMA_ClearFlag                            0x0800156b   Thumb Code    22  stm32f10x_dma.o(.text)
    DMA_GetITStatus                          0x08001581   Thumb Code    38  stm32f10x_dma.o(.text)
    DMA_ClearITPendingBit                    0x080015a7   Thumb Code    22  stm32f10x_dma.o(.text)
    TIM_DeInit                               0x080015c5   Thumb Code   424  stm32f10x_tim.o(.text)
    TIM_TimeBaseInit                         0x0800176d   Thumb Code   122  stm32f10x_tim.o(.text)
    TIM_OC1Init                              0x080017e7   Thumb Code   132  stm32f10x_tim.o(.text)
    TIM_OC2Init                              0x0800186b   Thumb Code   154  stm32f10x_tim.o(.text)
    TIM_OC3Init                              0x08001905   Thumb Code   150  stm32f10x_tim.o(.text)
    TIM_OC4Init                              0x0800199b   Thumb Code   182  stm32f10x_tim.o(.text)
    TIM_SetIC4Prescaler                      0x08001a51   Thumb Code    26  stm32f10x_tim.o(.text)
    TIM_SetIC3Prescaler                      0x08001aed   Thumb Code    18  stm32f10x_tim.o(.text)
    TIM_SetIC2Prescaler                      0x08001b79   Thumb Code    26  stm32f10x_tim.o(.text)
    TIM_SetIC1Prescaler                      0x08001c15   Thumb Code    18  stm32f10x_tim.o(.text)
    TIM_ICInit                               0x08001c93   Thumb Code   150  stm32f10x_tim.o(.text)
    TIM_PWMIConfig                           0x08001d29   Thumb Code   124  stm32f10x_tim.o(.text)
    TIM_BDTRConfig                           0x08001da5   Thumb Code    32  stm32f10x_tim.o(.text)
    TIM_TimeBaseStructInit                   0x08001dc5   Thumb Code    18  stm32f10x_tim.o(.text)
    TIM_OCStructInit                         0x08001dd7   Thumb Code    20  stm32f10x_tim.o(.text)
    TIM_ICStructInit                         0x08001deb   Thumb Code    18  stm32f10x_tim.o(.text)
    TIM_BDTRStructInit                       0x08001dfd   Thumb Code    40  stm32f10x_tim.o(.text)
    TIM_Cmd                                  0x08001e25   Thumb Code    24  stm32f10x_tim.o(.text)
    TIM_CtrlPWMOutputs                       0x08001e3d   Thumb Code    30  stm32f10x_tim.o(.text)
    TIM_ITConfig                             0x08001e5b   Thumb Code    18  stm32f10x_tim.o(.text)
    TIM_GenerateEvent                        0x08001e6d   Thumb Code     4  stm32f10x_tim.o(.text)
    TIM_DMAConfig                            0x08001e71   Thumb Code    10  stm32f10x_tim.o(.text)
    TIM_DMACmd                               0x08001e7b   Thumb Code    18  stm32f10x_tim.o(.text)
    TIM_InternalClockConfig                  0x08001e8d   Thumb Code    12  stm32f10x_tim.o(.text)
    TIM_SelectInputTrigger                   0x08001e99   Thumb Code    18  stm32f10x_tim.o(.text)
    TIM_ITRxExternalClockConfig              0x08001eab   Thumb Code    24  stm32f10x_tim.o(.text)
    TIM_TIxExternalClockConfig               0x08001ec3   Thumb Code    62  stm32f10x_tim.o(.text)
    TIM_ETRConfig                            0x08001f01   Thumb Code    28  stm32f10x_tim.o(.text)
    TIM_ETRClockMode1Config                  0x08001f1d   Thumb Code    54  stm32f10x_tim.o(.text)
    TIM_ETRClockMode2Config                  0x08001f53   Thumb Code    32  stm32f10x_tim.o(.text)
    TIM_PrescalerConfig                      0x08001f73   Thumb Code     6  stm32f10x_tim.o(.text)
    TIM_CounterModeConfig                    0x08001f79   Thumb Code    18  stm32f10x_tim.o(.text)
    TIM_EncoderInterfaceConfig               0x08001f8b   Thumb Code    66  stm32f10x_tim.o(.text)
    TIM_ForcedOC1Config                      0x08001fcd   Thumb Code    18  stm32f10x_tim.o(.text)
    TIM_ForcedOC2Config                      0x08001fdf   Thumb Code    26  stm32f10x_tim.o(.text)
    TIM_ForcedOC3Config                      0x08001ff9   Thumb Code    18  stm32f10x_tim.o(.text)
    TIM_ForcedOC4Config                      0x0800200b   Thumb Code    26  stm32f10x_tim.o(.text)
    TIM_ARRPreloadConfig                     0x08002025   Thumb Code    24  stm32f10x_tim.o(.text)
    TIM_SelectCOM                            0x0800203d   Thumb Code    24  stm32f10x_tim.o(.text)
    TIM_SelectCCDMA                          0x08002055   Thumb Code    24  stm32f10x_tim.o(.text)
    TIM_CCPreloadControl                     0x0800206d   Thumb Code    24  stm32f10x_tim.o(.text)
    TIM_OC1PreloadConfig                     0x08002085   Thumb Code    18  stm32f10x_tim.o(.text)
    TIM_OC2PreloadConfig                     0x08002097   Thumb Code    26  stm32f10x_tim.o(.text)
    TIM_OC3PreloadConfig                     0x080020b1   Thumb Code    18  stm32f10x_tim.o(.text)
    TIM_OC4PreloadConfig                     0x080020c3   Thumb Code    26  stm32f10x_tim.o(.text)
    TIM_OC1FastConfig                        0x080020dd   Thumb Code    18  stm32f10x_tim.o(.text)
    TIM_OC2FastConfig                        0x080020ef   Thumb Code    26  stm32f10x_tim.o(.text)
    TIM_OC3FastConfig                        0x08002109   Thumb Code    18  stm32f10x_tim.o(.text)
    TIM_OC4FastConfig                        0x0800211b   Thumb Code    26  stm32f10x_tim.o(.text)
    TIM_ClearOC1Ref                          0x08002135   Thumb Code    18  stm32f10x_tim.o(.text)
    TIM_ClearOC2Ref                          0x08002147   Thumb Code    24  stm32f10x_tim.o(.text)
    TIM_ClearOC3Ref                          0x0800215f   Thumb Code    18  stm32f10x_tim.o(.text)
    TIM_ClearOC4Ref                          0x08002171   Thumb Code    24  stm32f10x_tim.o(.text)
    TIM_OC1PolarityConfig                    0x08002189   Thumb Code    18  stm32f10x_tim.o(.text)
    TIM_OC1NPolarityConfig                   0x0800219b   Thumb Code    18  stm32f10x_tim.o(.text)
    TIM_OC2PolarityConfig                    0x080021ad   Thumb Code    26  stm32f10x_tim.o(.text)
    TIM_OC2NPolarityConfig                   0x080021c7   Thumb Code    26  stm32f10x_tim.o(.text)
    TIM_OC3PolarityConfig                    0x080021e1   Thumb Code    26  stm32f10x_tim.o(.text)
    TIM_OC3NPolarityConfig                   0x080021fb   Thumb Code    26  stm32f10x_tim.o(.text)
    TIM_OC4PolarityConfig                    0x08002215   Thumb Code    26  stm32f10x_tim.o(.text)
    TIM_CCxCmd                               0x0800222f   Thumb Code    30  stm32f10x_tim.o(.text)
    TIM_CCxNCmd                              0x0800224d   Thumb Code    30  stm32f10x_tim.o(.text)
    TIM_SelectOCxM                           0x0800226b   Thumb Code    82  stm32f10x_tim.o(.text)
    TIM_UpdateDisableConfig                  0x080022bd   Thumb Code    24  stm32f10x_tim.o(.text)
    TIM_UpdateRequestConfig                  0x080022d5   Thumb Code    24  stm32f10x_tim.o(.text)
    TIM_SelectHallSensor                     0x080022ed   Thumb Code    24  stm32f10x_tim.o(.text)
    TIM_SelectOnePulseMode                   0x08002305   Thumb Code    18  stm32f10x_tim.o(.text)
    TIM_SelectOutputTrigger                  0x08002317   Thumb Code    18  stm32f10x_tim.o(.text)
    TIM_SelectSlaveMode                      0x08002329   Thumb Code    18  stm32f10x_tim.o(.text)
    TIM_SelectMasterSlaveMode                0x0800233b   Thumb Code    18  stm32f10x_tim.o(.text)
    TIM_SetCounter                           0x0800234d   Thumb Code     4  stm32f10x_tim.o(.text)
    TIM_SetAutoreload                        0x08002351   Thumb Code     4  stm32f10x_tim.o(.text)
    TIM_SetCompare1                          0x08002355   Thumb Code     4  stm32f10x_tim.o(.text)
    TIM_SetCompare2                          0x08002359   Thumb Code     4  stm32f10x_tim.o(.text)
    TIM_SetCompare3                          0x0800235d   Thumb Code     4  stm32f10x_tim.o(.text)
    TIM_SetCompare4                          0x08002361   Thumb Code     6  stm32f10x_tim.o(.text)
    TIM_SetClockDivision                     0x08002367   Thumb Code    18  stm32f10x_tim.o(.text)
    TIM_GetCapture1                          0x08002379   Thumb Code     6  stm32f10x_tim.o(.text)
    TIM_GetCapture2                          0x0800237f   Thumb Code     6  stm32f10x_tim.o(.text)
    TIM_GetCapture3                          0x08002385   Thumb Code     6  stm32f10x_tim.o(.text)
    TIM_GetCapture4                          0x0800238b   Thumb Code     8  stm32f10x_tim.o(.text)
    TIM_GetCounter                           0x08002393   Thumb Code     6  stm32f10x_tim.o(.text)
    TIM_GetPrescaler                         0x08002399   Thumb Code     6  stm32f10x_tim.o(.text)
    TIM_GetFlagStatus                        0x0800239f   Thumb Code    18  stm32f10x_tim.o(.text)
    TIM_ClearFlag                            0x080023b1   Thumb Code     6  stm32f10x_tim.o(.text)
    TIM_GetITStatus                          0x080023b7   Thumb Code    34  stm32f10x_tim.o(.text)
    TIM_ClearITPendingBit                    0x080023d9   Thumb Code     6  stm32f10x_tim.o(.text)
    StateDiagram_OutputVoltage               0x080023e1   Thumb Code   248  main.o(.text)
    StateDiagram_SetSignalType               0x080024d9   Thumb Code   154  main.o(.text)
    StateDiagram_SetChannelChange            0x08002573   Thumb Code   150  main.o(.text)
    PWM_SetOutputVoltageAmplitude            0x08002609   Thumb Code    50  main.o(.text)
    StateDiagram_SetVoltageAmplitude         0x0800263b   Thumb Code   198  main.o(.text)
    ControlFinishFlag_FinishCondition        0x08002701   Thumb Code   100  main.o(.text)
    AdjustStatusError                        0x08002765   Thumb Code    72  main.o(.text)
    ActualOutputAndInputVoltageMeasure       0x080027ad   Thumb Code    88  main.o(.text)
    MODBUS_ReadSystemParameter               0x08002805   Thumb Code   294  main.o(.text)
    main                                     0x0800292b   Thumb Code   124  main.o(.text)
    AdjustAmendOutputVoltage                 0x080029a7   Thumb Code   128  main.o(.text)
    MODBUS_SetSlaveAddress                   0x08002a27   Thumb Code    16  main.o(.text)
    NMI_Handler                              0x08002a59   Thumb Code     2  stm32f10x_it.o(.text)
    HardFault_Handler                        0x08002a5b   Thumb Code     4  stm32f10x_it.o(.text)
    MemManage_Handler                        0x08002a5f   Thumb Code     4  stm32f10x_it.o(.text)
    BusFault_Handler                         0x08002a63   Thumb Code     4  stm32f10x_it.o(.text)
    UsageFault_Handler                       0x08002a67   Thumb Code     4  stm32f10x_it.o(.text)
    SVC_Handler                              0x08002a6b   Thumb Code     2  stm32f10x_it.o(.text)
    DebugMon_Handler                         0x08002a6d   Thumb Code     2  stm32f10x_it.o(.text)
    PendSV_Handler                           0x08002a6f   Thumb Code     2  stm32f10x_it.o(.text)
    SysTick_Handler                          0x08002a71   Thumb Code     2  stm32f10x_it.o(.text)
    TIM4_PWM_Init                            0x08002b07   Thumb Code    28  tim4_pwm.o(.text)
    TIM4_PWM_SetDutyRatio                    0x08002b23   Thumb Code    66  tim4_pwm.o(.text)
    CRC16_CheckCompute                       0x08002b75   Thumb Code    46  crc16.o(.text)
    CRC16_Check                              0x08002ba3   Thumb Code    26  crc16.o(.text)
    MODBUS_ChangeSalveID                     0x08002bc5   Thumb Code     6  modbus.o(.text)
    MODBUS_HandleFunction                    0x080030b7   Thumb Code   208  modbus.o(.text)
    MODBUS_Init                              0x08003187   Thumb Code    34  modbus.o(.text)
    MODBUS_AddrMapDataWriteByte              0x080031a9   Thumb Code   168  modbus.o(.text)
    MODBUS_AddrMapDataReadByte               0x08003251   Thumb Code   168  modbus.o(.text)
    MODBUS_AddrMapDataWrite                  0x0800332f   Thumb Code   204  modbus.o(.text)
    MODBUS_AddrMapDataRead                   0x0800343b   Thumb Code   174  modbus.o(.text)
    TIM6_Init                                0x08003569   Thumb Code    30  time6.o(.text)
    TIM6_Open                                0x08003587   Thumb Code    28  time6.o(.text)
    TIM6_Close                               0x080035a3   Thumb Code    12  time6.o(.text)
    TIM6_IRQHandler                          0x080035af   Thumb Code    30  time6.o(.text)
    USART2_Init                              0x08003747   Thumb Code    52  usart.o(.text)
    USART2_WriteDMASendMulData               0x0800377b   Thumb Code    80  usart.o(.text)
    USART2_ReadDMAReceiveMulData             0x080037cb   Thumb Code    48  usart.o(.text)
    USART2_ReceiveOneFrameFinish             0x080037fb   Thumb Code    14  usart.o(.text)
    DMA_SetAndEnableReceiveNum               0x08003809   Thumb Code    34  usart.o(.text)
    USART2_IRQHandler                        0x0800382b   Thumb Code    98  usart.o(.text)
    USART2_TransferOneFrameFinish            0x0800388d   Thumb Code    42  usart.o(.text)
    DMA1_Channel7_IRQHandler                 0x080038b7   Thumb Code    48  usart.o(.text)
    RS485_ControlPinInit                     0x08003937   Thumb Code    16  rs485.o(.text)
    ADC3_Init                                0x08003a77   Thumb Code    52  adc3.o(.text)
    ADC3_SampleAverageValue                  0x08003aab   Thumb Code    50  adc3.o(.text)
    TIM3_Init                                0x08003b59   Thumb Code    20  time3.o(.text)
    MODBUS_AddrInit                          0x08003b71   Thumb Code    22  communication.o(.text)
    MODBUS_ReadSetSelectChannel              0x08003b87   Thumb Code    18  communication.o(.text)
    MODBUS_ReadSetOutputVoltage              0x08003b99   Thumb Code    20  communication.o(.text)
    MODBUS_ReadSetPulseWidth                 0x08003bad   Thumb Code    20  communication.o(.text)
    MODBUS_ReadSetSignalTypes                0x08003bc1   Thumb Code    20  communication.o(.text)
    MODBUS_WriteActualOutputVoltage          0x08003bd5   Thumb Code    14  communication.o(.text)
    MODBUS_WriteVoltageStatus                0x08003be3   Thumb Code    34  communication.o(.text)
    MODBUS_WriteChannelStatus                0x08003c05   Thumb Code    34  communication.o(.text)
    MODBUS_WriteOutputStatus                 0x08003c27   Thumb Code    32  communication.o(.text)
    MODBUS_ReadSwitchOutputStatus            0x08003c47   Thumb Code    28  communication.o(.text)
    MODBUS_WriteSwitchOutputStatus           0x08003c63   Thumb Code    36  communication.o(.text)
    TIM7_Init                                0x08003cfb   Thumb Code    20  time7.o(.text)
    TIM7_1sFinish                            0x08003d0f   Thumb Code    34  time7.o(.text)
    TIM7_200MsFinish                         0x08003d31   Thumb Code    34  time7.o(.text)
    TIM7_50MsFinish                          0x08003d53   Thumb Code    34  time7.o(.text)
    TIM7_20MsFinish                          0x08003d75   Thumb Code    34  time7.o(.text)
    TIM7_ReadTimeCount                       0x08003d97   Thumb Code     8  time7.o(.text)
    TIM7_IRQHandler                          0x08003d9f   Thumb Code    32  time7.o(.text)
    TIM5_PluseWidthAdjustInit                0x08003e4d   Thumb Code    20  tim5_pulsewidth.o(.text)
    TIM5_OutputPluseWidthFinish              0x08003e61   Thumb Code    20  tim5_pulsewidth.o(.text)
    TIM5_SetOutputPluseWidth                 0x08003e75   Thumb Code    42  tim5_pulsewidth.o(.text)
    TIM5_IRQHandler                          0x08003e9f   Thumb Code    56  tim5_pulsewidth.o(.text)
    Signal_OutputChannelGPIO_Init            0x08003f35   Thumb Code    16  signalchannelswitch.o(.text)
    Signal_ReadChannelSwitchStatus           0x08003f67   Thumb Code    36  signalchannelswitch.o(.text)
    Signal_MODBUSValueConvertToOutputType    0x08003f8b   Thumb Code    60  signalchannelswitch.o(.text)
    Signal_SetOutputType                     0x08003fc7   Thumb Code   144  signalchannelswitch.o(.text)
    Signal_OutputChannelSelectOpen           0x08004057   Thumb Code    80  signalchannelswitch.o(.text)
    Signal_OutputChannelSelectClose          0x080040a7   Thumb Code    38  signalchannelswitch.o(.text)
    Delay1Us                                 0x080040dd   Thumb Code    24  delay.o(.text)
    Delay1Ms                                 0x080040f5   Thumb Code    28  delay.o(.text)
    ADC3_SampleOutputVoltageValue            0x08004111   Thumb Code   138  voltagemeasure.o(.text)
    ADC3_SampleInputVoltageValue             0x0800419b   Thumb Code    56  voltagemeasure.o(.text)
    ToggleSwitchAndAlarm_Init                0x08004217   Thumb Code    16  toggleswitchandalarm.o(.text)
    ToggleSwitch_ReadKeyValue                0x08004227   Thumb Code    50  toggleswitchandalarm.o(.text)
    __scatterload                            0x08004261   Thumb Code    28  init.o(.text)
    __scatterload_rt2                        0x08004261   Thumb Code     0  init.o(.text)
    __decompress                             0x08004285   Thumb Code     0  __dczerorl2.o(.text)
    __decompress1                            0x08004285   Thumb Code    92  __dczerorl2.o(.text)
    __scatterload_copy                       0x080042e1   Thumb Code    14  handlers.o(i.__scatterload_copy)
    __scatterload_null                       0x080042ef   Thumb Code     2  handlers.o(i.__scatterload_null)
    __scatterload_zeroinit                   0x080042f1   Thumb Code    14  handlers.o(i.__scatterload_zeroinit)
    OutputChannel                            0x0800430c   Data         160  signalchannelswitch.o(.constdata)
    Region$$Table$$Base                      0x080043ac   Number         0  anon$$obj.o(Region$$Table)
    Region$$Table$$Limit                     0x080043cc   Number         0  anon$$obj.o(Region$$Table)
    SystemCoreClock                          0x20000000   Data           4  system_stm32f10x.o(.data)
    AHBPrescTable                            0x20000004   Data          16  system_stm32f10x.o(.data)
    StateDiagramFlag                         0x20000028   Data           5  main.o(.data)
    ChannelStateDiagramStatus                0x2000002d   Data           1  main.o(.data)
    SignalTypeStateDiagramStatus             0x2000002e   Data           1  main.o(.data)
    VoltageStateDiagramStatus                0x2000002f   Data           1  main.o(.data)
    OutputStateDiagramStatus                 0x20000030   Data           1  main.o(.data)
    CCR_Data                                 0x20000050   Data           2  tim4_pwm.o(.data)
    CRCHTalbe                                0x20000052   Data         256  crc16.o(.data)
    CRCLTalbe                                0x20000152   Data         256  crc16.o(.data)
    MODBUS_SlaveID                           0x20000252   Data           1  modbus.o(.data)
    MODBUS_FrameLength                       0x20000253   Data           1  modbus.o(.data)
    USART2_SendBusyFlag                      0x20000254   Data           1  usart.o(.data)
    USART2_ReceiveFinishFlag                 0x20000255   Data           1  usart.o(.data)
    USART2_IdleIRQReceiveDataNum             0x20000258   Data           2  usart.o(.data)
    Time6_IRQReceiveDataNum                  0x2000025a   Data           2  usart.o(.data)
    WorkStat                                 0x2000025c   Data           2  communication.o(.data)
    TIM7_TickCount                           0x20000260   Data           4  time7.o(.data)
    TIM5_TickCount                           0x20000284   Data           4  tim5_pulsewidth.o(.data)
    TIM5_FinishFlag                          0x20000288   Data           2  tim5_pulsewidth.o(.data)
    SystemParameter                          0x2000029c   Data          16  main.o(.bss)
    MODBUS_Addr0                             0x200002ac   Data          10  modbus.o(.bss)
    MODBUS_Addr1                             0x200002b6   Data          10  modbus.o(.bss)
    MODBUS_Addr3                             0x200002c0   Data          20  modbus.o(.bss)
    MODBUS_Addr4                             0x200002d4   Data          20  modbus.o(.bss)
    MODBUS_FrameData                         0x200002e8   Data          30  modbus.o(.bss)
    USART2_SendData                          0x20000306   Data         128  usart.o(.bss)
    USART2_ReceiveData                       0x20000386   Data         128  usart.o(.bss)
    __initial_sp                             0x200008a8   Data           0  startup_stm32f10x_hd.o(STACK)



==============================================================================

Memory Map of the image

  Image Entry point : 0x08000131

  Load Region LR_IROM1 (Base: 0x08000000, Size: 0x00004658, Max: 0x00080000, ABSOLUTE, COMPRESSED[0x00004518])

    Execution Region ER_IROM1 (Base: 0x08000000, Size: 0x000043cc, Max: 0x00080000, ABSOLUTE)

    Base Addr    Size         Type   Attr      Idx    E Section Name        Object

    0x08000000   0x00000130   Data   RO            3    RESET               startup_stm32f10x_hd.o
    0x08000130   0x00000000   Code   RO          729  * .ARM.Collect$$$$00000000  mc_w.l(entry.o)
    0x08000130   0x00000004   Code   RO          732    .ARM.Collect$$$$00000001  mc_w.l(entry2.o)
    0x08000134   0x00000004   Code   RO          735    .ARM.Collect$$$$00000004  mc_w.l(entry5.o)
    0x08000138   0x00000000   Code   RO          737    .ARM.Collect$$$$00000008  mc_w.l(entry7b.o)
    0x08000138   0x00000000   Code   RO          739    .ARM.Collect$$$$0000000A  mc_w.l(entry8b.o)
    0x08000138   0x00000008   Code   RO          740    .ARM.Collect$$$$0000000B  mc_w.l(entry9a.o)
    0x08000140   0x00000000   Code   RO          742    .ARM.Collect$$$$0000000D  mc_w.l(entry10a.o)
    0x08000140   0x00000000   Code   RO          744    .ARM.Collect$$$$0000000F  mc_w.l(entry11a.o)
    0x08000140   0x00000004   Code   RO          733    .ARM.Collect$$$$00002712  mc_w.l(entry2.o)
    0x08000144   0x00000024   Code   RO            4    .text               startup_stm32f10x_hd.o
    0x08000168   0x000001dc   Code   RO           24    .text               system_stm32f10x.o
    0x08000344   0x00000358   Code   RO           73    .text               stm32f10x_gpio.o
    0x0800069c   0x000003a4   Code   RO           89    .text               stm32f10x_rcc.o
    0x08000a40   0x00000408   Code   RO          103    .text               stm32f10x_usart.o
    0x08000e48   0x000000dc   Code   RO          115    .text               misc.o
    0x08000f24   0x0000044e   Code   RO          127    .text               stm32f10x_adc.o
    0x08001372   0x00000002   PAD
    0x08001374   0x00000250   Code   RO          229    .text               stm32f10x_dma.o
    0x080015c4   0x00000e1a   Code   RO          376    .text               stm32f10x_tim.o
    0x080023de   0x00000002   PAD
    0x080023e0   0x00000678   Code   RO          403    .text               main.o
    0x08002a58   0x0000001a   Code   RO          477    .text               stm32f10x_it.o
    0x08002a72   0x00000002   PAD
    0x08002a74   0x00000100   Code   RO          492    .text               tim4_pwm.o
    0x08002b74   0x00000050   Code   RO          507    .text               crc16.o
    0x08002bc4   0x00000934   Code   RO          534    .text               modbus.o
    0x080034f8   0x000000d8   Code   RO          553    .text               time6.o
    0x080035d0   0x00000340   Code   RO          565    .text               usart.o
    0x08003910   0x0000003c   Code   RO          581    .text               rs485.o
    0x0800394c   0x000001a4   Code   RO          593    .text               adc3.o
    0x08003af0   0x00000080   Code   RO          610    .text               time3.o
    0x08003b70   0x00000128   Code   RO          625    .text               communication.o
    0x08003c98   0x00000150   Code   RO          644    .text               time7.o
    0x08003de8   0x00000100   Code   RO          659    .text               tim5_pulsewidth.o
    0x08003ee8   0x000001f4   Code   RO          674    .text               signalchannelswitch.o
    0x080040dc   0x00000034   Code   RO          693    .text               delay.o
    0x08004110   0x000000c2   Code   RO          705    .text               voltagemeasure.o
    0x080041d2   0x00000002   PAD
    0x080041d4   0x0000008c   Code   RO          717    .text               toggleswitchandalarm.o
    0x08004260   0x00000024   Code   RO          746    .text               mc_w.l(init.o)
    0x08004284   0x0000005c   Code   RO          756    .text               mc_w.l(__dczerorl2.o)
    0x080042e0   0x0000000e   Code   RO          750    i.__scatterload_copy  mc_w.l(handlers.o)
    0x080042ee   0x00000002   Code   RO          751    i.__scatterload_null  mc_w.l(handlers.o)
    0x080042f0   0x0000000e   Code   RO          752    i.__scatterload_zeroinit  mc_w.l(handlers.o)
    0x080042fe   0x00000002   PAD
    0x08004300   0x0000000a   Data   RO          626    .constdata          communication.o
    0x0800430a   0x00000002   PAD
    0x0800430c   0x000000a0   Data   RO          675    .constdata          signalchannelswitch.o
    0x080043ac   0x00000020   Data   RO          748    Region$$Table       anon$$obj.o


    Execution Region RW_IRAM1 (Base: 0x20000000, Size: 0x000008a8, Max: 0x00010000, ABSOLUTE, COMPRESSED[0x0000014c])

    Base Addr    Size         Type   Attr      Idx    E Section Name        Object

    0x20000000   0x00000014   Data   RW           25    .data               system_stm32f10x.o
    0x20000014   0x00000014   Data   RW           90    .data               stm32f10x_rcc.o
    0x20000028   0x00000028   Data   RW          405    .data               main.o
    0x20000050   0x00000002   Data   RW          493    .data               tim4_pwm.o
    0x20000052   0x00000200   Data   RW          508    .data               crc16.o
    0x20000252   0x00000002   Data   RW          536    .data               modbus.o
    0x20000254   0x00000008   Data   RW          567    .data               usart.o
    0x2000025c   0x00000002   Data   RW          627    .data               communication.o
    0x2000025e   0x00000002   PAD
    0x20000260   0x00000024   Data   RW          645    .data               time7.o
    0x20000284   0x00000006   Data   RW          660    .data               tim5_pulsewidth.o
    0x2000028a   0x00000002   Data   RW          676    .data               signalchannelswitch.o
    0x2000028c   0x00000020   Zero   RW          404    .bss                main.o
    0x200002ac   0x0000005a   Zero   RW          535    .bss                modbus.o
    0x20000306   0x00000100   Zero   RW          566    .bss                usart.o
    0x20000406   0x000000a0   Zero   RW          594    .bss                adc3.o
    0x200004a6   0x00000002   PAD
    0x200004a8   0x00000400   Zero   RW            1    STACK               startup_stm32f10x_hd.o


==============================================================================

Image component sizes


      Code (inc. data)   RO Data    RW Data    ZI Data      Debug   Object Name

       420         20          0          0        160       1908   adc3.o
       296         18         10          2          0       3774   communication.o
         0          0          0          0          0       4212   core_cm3.o
        80          8          0        512          0       1583   crc16.o
        52          0          0          0          0        968   delay.o
      1656        126          0         40         32       7453   main.o
       220         20          0          0          0       1877   misc.o
      2356         74          0          2         90      10500   modbus.o
        60          6          0          0          0        655   rs485.o
       500         36        160          2          0       4053   signalchannelswitch.o
        36          8        304          0       1024        856   startup_stm32f10x_hd.o
      1102         26          0          0          0      10905   stm32f10x_adc.o
       592          8          0          0          0       4406   stm32f10x_dma.o
       856         40          0          0          0       5717   stm32f10x_gpio.o
        26          0          0          0          0       1242   stm32f10x_it.o
       932         44          0         20          0       8920   stm32f10x_rcc.o
      3610         88          0          0          0      22204   stm32f10x_tim.o
      1032         22          0          0          0       8448   stm32f10x_usart.o
       476         36          0         20          0     269527   system_stm32f10x.o
       256         16          0          2          0       1393   tim4_pwm.o
       256         18          0          6          0       1810   tim5_pulsewidth.o
       128          4          0          0          0        816   time3.o
       216          4          0          0          0       1277   time6.o
       336         42          0         36          0       2299   time7.o
       140          8          0          0          0       1014   toggleswitchandalarm.o
       832         42          0          8        256       3822   usart.o
       194          0          0          0          0       1133   voltagemeasure.o

    ----------------------------------------------------------------------
     16668        714        508        652       1564     382772   Object Totals
         0          0         32          0          0          0   (incl. Generated)
         8          0          2          2          2          0   (incl. Padding)

    ----------------------------------------------------------------------

      Code (inc. data)   RO Data    RW Data    ZI Data      Debug   Library Member Name

        92          0          0          0          0          0   __dczerorl2.o
         0          0          0          0          0          0   entry.o
         0          0          0          0          0          0   entry10a.o
         0          0          0          0          0          0   entry11a.o
         8          4          0          0          0          0   entry2.o
         4          0          0          0          0          0   entry5.o
         0          0          0          0          0          0   entry7b.o
         0          0          0          0          0          0   entry8b.o
         8          4          0          0          0          0   entry9a.o
        30          0          0          0          0          0   handlers.o
        36          8          0          0          0         68   init.o

    ----------------------------------------------------------------------
       180         16          0          0          0         68   Library Totals
         2          0          0          0          0          0   (incl. Padding)

    ----------------------------------------------------------------------

      Code (inc. data)   RO Data    RW Data    ZI Data      Debug   Library Name

       178         16          0          0          0         68   mc_w.l

    ----------------------------------------------------------------------
       180         16          0          0          0         68   Library Totals

    ----------------------------------------------------------------------

==============================================================================


      Code (inc. data)   RO Data    RW Data    ZI Data      Debug   

     16848        730        508        652       1564     380656   Grand Totals
     16848        730        508        332       1564     380656   ELF Image Totals (compressed)
     16848        730        508        332          0          0   ROM Totals

==============================================================================

    Total RO  Size (Code + RO Data)                17356 (  16.95kB)
    Total RW  Size (RW Data + ZI Data)              2216 (   2.16kB)
    Total ROM Size (Code + RO Data + RW Data)      17688 (  17.27kB)

==============================================================================

